// Jest Snapshot v1, https://goo.gl/fbAQLP

exports[`CountrySelect Renders 1`] = `ShallowWrapper {}`;
