// Jest Snapshot v1, https://goo.gl/fbAQLP

exports[`Select Renders 1`] = `ShallowWrapper {}`;
