// Jest Snapshot v1, https://goo.gl/fbAQLP

exports[`Tabs Renders 1`] = `ShallowWrapper {}`;
