// Jest Snapshot v1, https://goo.gl/fbAQLP

exports[`Input Renders 1`] = `ShallowWrapper {}`;
