// Jest Snapshot v1, https://goo.gl/fbAQLP

exports[`Radio Renders 1`] = `ShallowWrapper {}`;
