// Jest Snapshot v1, https://goo.gl/fbAQLP

exports[`RadioGroup Renders 1`] = `ShallowWrapper {}`;
